CREATE FUNCTION julia_in_array(x INTEGER[])
RETURNS INTEGER AS $$
    1
$$ LANGUAGE pljulia;
SELECT julia_in_array('{1,2,3}'::INTEGER[]);
 julia_in_array 
----------------
              1
(1 row)

-- we don't expect an error with this 
SELECT julia_in_array('{{{{1,1},{2,2}},{{3,3},{4,4}},{{5,5},{6,6}}},{{{7,7},{8,8}},{{9,9},{10,10}},{{11,11},{12,12}}},{{{13,13},{14,14}},{{15,15},{16,16}},{{17,17},{18,18}}}}'::INTEGER[]);
 julia_in_array 
----------------
              1
(1 row)

DROP FUNCTION julia_in_array(x INTEGER[]);
